  xr_live6 calib welch/real: 0.0s
  xr_live6 calib welch/ctrl: 0.0s
  xr_live6 calib act/real: 1.9s
  xr_live6 calib act/ctrl: 3.6s
  xr_live6 calib act1/real: 1.3s
  xr_live6 calib act1/ctrl: 1.1s
  xr_live6 recon welch/real/calib: r=0.189 cells=96 0.1s
  xr_live6 recon welch/ctrl/calib: r=-0.291 cells=96 0.1s
  xr_live6 recon welch/real/uniform: r=0.223 cells=96 0.2s
  xr_live6 recon welch/ctrl/uniform: r=-0.266 cells=96 0.2s
  xr_live6 recon act/real/calib: r=0.100 cells=96 25.4s
  xr_live6 recon act/ctrl/calib: r=-0.134 cells=96 26.3s
  xr_live6 recon act/real/uniform: r=0.100 cells=96 24.8s
  xr_live6 recon act/ctrl/uniform: r=-0.134 cells=96 23.1s
  xr_live6 recon act1/real/calib: r=0.066 cells=96 7.7s
  xr_live6 recon act1/ctrl/calib: r=-0.060 cells=96 8.2s
  xr_live6 recon act1/real/uniform: r=0.066 cells=96 7.9s
  xr_live6 recon act1/ctrl/uniform: r=-0.060 cells=96 8.0s
  webgate calib welch/real: 0.0s
  webgate calib welch/ctrl: 0.0s
  webgate calib act/real: 2.0s
  webgate calib act/ctrl: 2.1s
  webgate calib act1/real: 0.7s
  webgate calib act1/ctrl: 0.7s
  webgate recon welch/real/calib: r=0.782 cells=48 0.1s
  webgate recon welch/ctrl/calib: r=-0.009 cells=48 0.1s
  webgate recon welch/real/uniform: r=0.772 cells=48 0.1s
  webgate recon welch/ctrl/uniform: r=-0.001 cells=48 0.1s
  webgate recon act/real/calib: r=0.682 cells=48 6.4s
  webgate recon act/ctrl/calib: r=0.084 cells=48 6.8s
  webgate recon act/real/uniform: r=0.416 cells=48 5.6s
  webgate recon act/ctrl/uniform: r=0.081 cells=48 3.5s
  webgate recon act1/real/calib: r=0.744 cells=48 1.4s
  webgate recon act1/ctrl/calib: r=-0.069 cells=48 2.5s
  webgate recon act1/real/uniform: r=0.700 cells=48 3.1s
  webgate recon act1/ctrl/uniform: r=-0.046 cells=48 2.6s
  xr_live2 calib welch/real: 0.0s
  xr_live2 calib welch/ctrl: 0.0s
  xr_live2 calib act/real: 3.9s
  xr_live2 calib act/ctrl: 4.0s
  xr_live2 calib act1/real: 1.4s
  xr_live2 calib act1/ctrl: 1.5s
  xr_live2 recon welch/real/calib: r=-0.388 cells=96 0.2s
  xr_live2 recon welch/ctrl/calib: r=-0.007 cells=96 0.2s
  xr_live2 recon welch/real/uniform: r=-0.388 cells=96 0.2s
  xr_live2 recon welch/ctrl/uniform: r=-0.007 cells=96 0.2s
  xr_live2 recon act/real/calib: r=0.057 cells=96 24.6s
  xr_live2 recon act/ctrl/calib: r=0.271 cells=96 28.3s
  xr_live2 recon act/real/uniform: r=0.057 cells=96 39.8s
  xr_live2 recon act/ctrl/uniform: r=0.271 cells=96 36.8s
  xr_live2 recon act1/real/calib: r=0.190 cells=96 2.5s
  xr_live2 recon act1/ctrl/calib: r=0.218 cells=94 2.9s
  xr_live2 recon act1/real/uniform: r=-0.078 cells=96 13.0s
  xr_live2 recon act1/ctrl/uniform: r=0.222 cells=96 14.1s
