python 3.13.14 numpy 2.4.3 scipy 1.15.3
config: STIM 15.0 Hz, NOISE_BAND (14.0, 50.0), ARTIFACT_Z 4.0, DROP_FRAC 0.2, gate d'>=1.0 ratio>=1.3 rank>=5

====================================================================================================
RUN xr_live6
  EEG rows 126480 (scan snapshot, t <= scan end + 0.7 s) fs=257.28 Hz; calibration snapshot 26844 rows fs=256.89 Hz (stored 256.72); grid 12x8, 12 calib blocks, rank_min=5, load 0.9s
  input eeg.csv                    16728768 B  sha1 43dd9fb58fb4  mtime 2026-09-12 08:34:40
  input cursor_log.csv              1157530 B  sha1 637778c05f7b  mtime 2026-09-12 08:20:42
  input calib_log.csv                242434 B  sha1 befc97fbdef1  mtime 2026-09-12 08:14:14
  input calibration.json               2755 B  sha1 06cf20b74f42  mtime 2026-09-12 08:36:20
  input target.npy                      896 B  sha1 7e3145c471be  mtime 2026-09-12 08:12:30
  input reconstruction_grid.npy         896 B  sha1 ab1544b80ba8  mtime 2026-09-12 08:36:20
  primary control shift 1/3 = 42160 rows = 163.9 s (calib block period 14 s; null shifts are multiples of 41.0 s)
  stored calibration.json d': TP9=-0.32 AF7=-1.19 AF8=1.06 TP10=-0.16  passed=False  weights=0.00/0.00/1.00/0.00
  stored reconstruction_grid.npy vs target: r=0.214  (file on disk; may have been rewritten by later re-runs)
  verify local==library: max|d'diff|=0.00e+00 max|w diff|=0.00e+00 passed-eq=True max|grid diff|=0.00e+00 -> OK
  library re-run (this snapshot): d' TP9=-0.322 AF7=-1.193 AF8=1.056 TP10=-0.164 passed=False weights=0.00/0.00/1.00/0.00  r=0.1888

  variant              | d-prime real TP9 AF7 AF8 TP10  | d-prime ctrl(1/3 shift)     | pass | weights             | r_real | r_ctrl1/3 | null r mean+-sd [max] (n=11) | z | frac>= | empty
  -----------------------------------------------------------------------------------------------------------------------------------------------------------------------------------------
  baseline             |  -0.32  -1.19   1.06  -0.16    |   1.84  -0.19  -0.11   0.90 |  n   | 0.00/0.00/1.00/0.00 |  0.189 |    -0.272 | -0.014+-0.202 [ 0.318]      |  1.00 | 0.09  |  0/0  (0.7s)
  a1_notch60           |  -0.35  -1.28   1.14  -0.31    |   1.47  -0.41  -0.00   0.59 |  n   | 0.00/0.00/1.00/0.00 |  0.166 |    -0.266 | -0.022+-0.203 [ 0.319]      |  0.93 | 0.09  |  0/0  (1.0s)
  a2_bp1-45            |  -0.33  -1.04   1.12  -0.28    |   1.37  -0.75   0.05   0.65 |  n   | 0.00/0.00/1.00/0.00 |  0.166 |    -0.252 | -0.016+-0.206 [ 0.338]      |  0.89 | 0.09  |  0/0  (1.3s)
  a_notch+bp           |  -0.41  -1.03   1.12  -0.29    |   1.37  -0.77   0.05   0.63 |  n   | 0.00/0.00/1.00/0.00 |  0.162 |    -0.255 | -0.016+-0.205 [ 0.342]      |  0.87 | 0.09  |  0/0  (1.1s)
  b_CAR                |   0.06  -0.47   0.78  -0.21    |   1.80   0.24   1.68  -0.24 |  n   | 0.00/0.00/1.00/0.00 |  0.323 |    -0.295 | -0.009+-0.203 [ 0.426]      |  1.63 | 0.09  |  0/0  (1.2s)
  ab_notch+bp+CAR      |  -0.11  -0.86   0.91  -0.24    |   0.66   0.32   1.13  -0.51 |  n   | 0.00/0.00/1.00/0.00 |  0.274 |    -0.261 | -0.016+-0.202 [ 0.402]      |  1.43 | 0.09  |  0/0  (1.2s)
  c_AF8only            |  -0.32  -1.19   1.06  -0.16    |   1.84  -0.19  -0.11   0.90 |  n   | 0.00/0.00/1.00/0.00 |  0.189 |    -0.272 | -0.014+-0.202 [ 0.318]      |  1.00 | 0.09  |  0/0  (1.1s)
  c_TPonly             |  -0.32  -1.19   1.06  -0.16    |   1.84  -0.19  -0.11   0.90 |  n   | 1.00/0.00/0.00/1.00 |  0.256 |    -0.155 |  0.021+-0.186 [ 0.401]      |  1.26 | 0.09  |  0/0  (1.6s)
  c_uniform            |  -0.32  -1.19   1.06  -0.16    |   1.84  -0.19  -0.11   0.90 |  n   | 1.00/1.00/1.00/1.00 |  0.223 |    -0.189 |  0.008+-0.205 [ 0.440]      |  1.05 | 0.18  |  0/0  (2.7s)
  d_welch2s            |  -0.40  -0.75   1.27  -0.18    |   1.42  -0.85  -0.40   0.51 |  n   | 0.00/0.00/1.00/0.00 |  0.155 |    -0.251 | -0.014+-0.217 [ 0.324]      |  0.78 | 0.27  |  0/0  (1.3s)
  ad_notch+bp+welch2s  |  -0.46  -0.64   0.85  -0.32    |   1.41  -0.99  -0.33   0.31 |  n   | 0.00/0.00/1.00/0.00 |  0.123 |    -0.239 | -0.015+-0.222 [ 0.339]      |  0.62 | 0.36  |  0/0  (1.3s)

====================================================================================================
RUN webgate
  EEG rows 23416 (scan snapshot, t <= scan end + 0.7 s) fs=256.03 Hz; calibration snapshot 12240 rows fs=256.06 Hz (stored 256.06); grid 8x6, 6 calib blocks, rank_min=2, load 0.1s
  input eeg.csv                     1176072 B  sha1 f7706334d101  mtime 2026-09-12 08:39:34
  input cursor_log.csv                84108 B  sha1 0a0cf10d4635  mtime 2026-09-12 08:39:31
  input calib_log.csv                 95662 B  sha1 ab5eee6d9e8a  mtime 2026-09-12 08:38:47
  input calibration.json               1847 B  sha1 523627c01c16  mtime 2026-09-12 08:38:48
  input target.npy                      512 B  sha1 67907f187e7e  mtime 2026-09-12 08:37:59
  input reconstruction_grid.npy         512 B  sha1 fc84a88eb73c  mtime 2026-09-12 08:39:32
  primary control shift 1/3 = 7805 rows = 30.5 s (calib block period 14 s; null shifts are multiples of 7.6 s)
  stored calibration.json d': TP9=18.42 AF7=13.37 AF8=3.74 TP10=18.47  passed=True  weights=0.43/0.07/0.04/0.45
  stored reconstruction_grid.npy vs target: r=0.787  (file on disk; may have been rewritten by later re-runs)
  verify local==library: max|d'diff|=0.00e+00 max|w diff|=0.00e+00 passed-eq=True max|grid diff|=0.00e+00 -> OK
  library re-run (this snapshot): d' TP9=18.418 AF7=13.365 AF8=3.735 TP10=18.475 passed=True weights=0.43/0.07/0.04/0.45  r=0.7956

  variant              | d-prime real TP9 AF7 AF8 TP10  | d-prime ctrl(1/3 shift)     | pass | weights             | r_real | r_ctrl1/3 | null r mean+-sd [max] (n=11) | z | frac>= | empty
  -----------------------------------------------------------------------------------------------------------------------------------------------------------------------------------------
  baseline             |  18.42  13.37   3.74  18.47    |  -0.22   2.95   0.32  -0.58 |  Y   | 0.43/0.07/0.04/0.45 |  0.796 |    -0.016 | -0.002+-0.164 [ 0.329]      |  4.88 | 0.00  |  0/0  (1.4s)
  a1_notch60           |  18.42  13.37   3.73  18.47    |  -0.22   2.94   0.32  -0.58 |  Y   | 0.43/0.07/0.04/0.45 |  0.796 |    -0.016 | -0.002+-0.164 [ 0.329]      |  4.88 | 0.00  |  0/0  (1.3s)
  a2_bp1-45            |  18.25   5.75   2.98  18.31    |  -0.36   1.96   0.28  -0.59 |  Y   | 0.43/0.07/0.05/0.45 |  0.795 |    -0.018 | -0.003+-0.163 [ 0.325]      |  4.89 | 0.00  |  0/0  (1.3s)
  a_notch+bp           |  18.25   5.73   2.98  18.31    |  -0.36   1.95   0.28  -0.59 |  Y   | 0.43/0.07/0.05/0.45 |  0.795 |    -0.018 | -0.003+-0.163 [ 0.325]      |  4.89 | 0.00  |  0/0  (1.3s)
  b_CAR                |  11.14  16.30  17.13  16.45    |  -0.13   0.20  -1.22  -2.43 |  Y   | 0.22/0.30/0.27/0.21 |  0.636 |    -0.027 | -0.009+-0.146 [ 0.280]      |  4.40 | 0.00  |  0/0  (1.2s)
  ab_notch+bp+CAR      |   8.40   8.58  16.92  12.86    |  -0.32   0.05  -1.11  -2.64 |  Y   | 0.22/0.31/0.27/0.21 |  0.626 |    -0.037 | -0.012+-0.147 [ 0.263]      |  4.35 | 0.00  |  0/0  (1.3s)
  c_AF8only            |  18.42  13.37   3.74  18.47    |  -0.22   2.95   0.32  -0.58 |  Y   | 0.00/0.00/1.00/0.00 |  0.302 |     0.213 |  0.056+-0.120 [ 0.253]      |  2.06 | 0.00  |  0/0  (0.6s)
  c_TPonly             |  18.42  13.37   3.74  18.47    |  -0.22   2.95   0.32  -0.58 |  Y   | 1.00/0.00/0.00/1.00 |  0.794 |    -0.020 | -0.002+-0.164 [ 0.324]      |  4.86 | 0.00  |  0/0  (0.8s)
  c_uniform            |  18.42  13.37   3.74  18.47    |  -0.22   2.95   0.32  -0.58 |  Y   | 1.00/1.00/1.00/1.00 |  0.784 |     0.010 |  0.003+-0.164 [ 0.358]      |  4.78 | 0.00  |  0/0  (1.2s)
  d_welch2s            |  19.29   5.17   5.01  19.29    |  -0.69   7.01   2.33  -0.77 |  Y   | 0.47/0.04/0.02/0.47 |  0.782 |    -0.020 |  0.014+-0.182 [ 0.392]      |  4.22 | 0.00  |  0/0  (1.4s)
  ad_notch+bp+welch2s  |  18.50   2.88   3.38  19.31    |  -0.85   3.68   1.28  -0.78 |  Y   | 0.47/0.03/0.03/0.47 |  0.784 |    -0.023 |  0.013+-0.185 [ 0.401]      |  4.17 | 0.00  |  0/0  (1.4s)

====================================================================================================
RUN xr_live2
  EEG rows 129944 (scan snapshot, t <= scan end + 0.7 s) fs=256.61 Hz; calibration snapshot 38509 rows fs=256.68 Hz (stored 256.61); grid 12x8, 12 calib blocks, rank_min=5, load 0.9s
  input eeg.csv                    11071918 B  sha1 7508ab8c13ee  mtime 2026-09-12 08:03:33
  input cursor_log.csv              1204036 B  sha1 376ede42999c  mtime 2026-09-12 07:57:16
  input calib_log.csv                240623 B  sha1 af2725193de1  mtime 2026-09-12 07:50:48
  input calibration.json               2792 B  sha1 a54893922f10  mtime 2026-09-12 07:50:49
  input target.npy                      896 B  sha1 7e3145c471be  mtime 2026-09-12 07:43:44
  input reconstruction_grid.npy         896 B  sha1 9f2d62fe812f  mtime 2026-09-12 07:57:18
  primary control shift 1/3 = 43314 rows = 168.8 s (calib block period 14 s; null shifts are multiples of 42.2 s)
  stored calibration.json d': TP9=-0.49 AF7=-0.51 AF8=-1.01 TP10=-0.24  passed=False  weights=0.25/0.25/0.25/0.25
  stored reconstruction_grid.npy vs target: r=-0.388  (file on disk; may have been rewritten by later re-runs)
  verify local==library: max|d'diff|=0.00e+00 max|w diff|=0.00e+00 passed-eq=True max|grid diff|=0.00e+00 -> OK
  library re-run (this snapshot): d' TP9=-0.494 AF7=-0.513 AF8=-1.006 TP10=-0.239 passed=False weights=0.25/0.25/0.25/0.25  r=-0.3880

  variant              | d-prime real TP9 AF7 AF8 TP10  | d-prime ctrl(1/3 shift)     | pass | weights             | r_real | r_ctrl1/3 | null r mean+-sd [max] (n=11) | z | frac>= | empty
  -----------------------------------------------------------------------------------------------------------------------------------------------------------------------------------------
  baseline             |  -0.49  -0.51  -1.01  -0.24    |  -0.12  -2.33  -0.17  -0.14 |  n   | 0.25/0.25/0.25/0.25 | -0.388 |    -0.001 |  0.019+-0.183 [ 0.403]      | -2.23 | 1.00  |  0/0  (3.6s)
  a1_notch60           |  -0.49  -0.17  -0.29  -0.92    |  -1.05  -0.76  -0.32   0.13 |  n   | 0.25/0.25/0.25/0.25 | -0.387 |     0.069 |  0.015+-0.193 [ 0.408]      | -2.08 | 1.00  |  0/0  (3.7s)
  a2_bp1-45            |  -0.45  -0.25  -0.33  -0.20    |  -0.04  -0.52  -0.40   0.48 |  n   | 0.25/0.25/0.25/0.25 | -0.317 |     0.030 |  0.008+-0.194 [ 0.436]      | -1.68 | 1.00  |  0/0  (3.3s)
  a_notch+bp           |  -0.45  -0.24  -0.33  -0.25    |  -0.89  -0.48  -0.40   1.05 |  n   | 0.25/0.25/0.25/0.25 | -0.298 |     0.051 |  0.013+-0.201 [ 0.447]      | -1.55 | 1.00  |  0/0  (3.5s)
  b_CAR                |  -0.50   0.04  -0.48  -0.15    |  -0.30  -1.11   0.38   0.19 |  n   | 0.25/0.25/0.25/0.25 | -0.225 |    -0.156 | -0.016+-0.130 [ 0.287]      | -1.62 | 1.00  |  0/0  (3.5s)
  ab_notch+bp+CAR      |  -0.45  -0.23  -1.06  -0.12    |  -0.61  -0.59   0.29   0.85 |  n   | 0.25/0.25/0.25/0.25 | -0.203 |    -0.076 | -0.016+-0.175 [ 0.380]      | -1.07 | 1.00  |  1/0  (3.4s)
  c_AF8only            |  -0.49  -0.51  -1.01  -0.24    |  -0.12  -2.33  -0.17  -0.14 |  n   | 0.00/0.00/1.00/0.00 | -0.256 |     0.210 |  0.046+-0.203 [ 0.398]      | -1.49 | 1.00  |  7/0  (1.4s)
  c_TPonly             |  -0.49  -0.51  -1.01  -0.24    |  -0.12  -2.33  -0.17  -0.14 |  n   | 1.00/0.00/0.00/1.00 | -0.302 |    -0.159 | -0.007+-0.135 [ 0.337]      | -2.19 | 1.00  |  0/0  (2.2s)
  c_uniform            |  -0.49  -0.51  -1.01  -0.24    |  -0.12  -2.33  -0.17  -0.14 |  n   | 1.00/1.00/1.00/1.00 | -0.388 |    -0.001 |  0.019+-0.183 [ 0.403]      | -2.23 | 1.00  |  0/0  (3.5s)
  d_welch2s            |  -0.25  -1.31  -0.98  -0.45    |  -0.32  -1.12   0.69  -0.55 |  n   | 0.25/0.25/0.25/0.25 | -0.308 |     0.092 |  0.014+-0.191 [ 0.365]      | -1.69 | 0.91  |  0/0  (3.2s)
  ad_notch+bp+welch2s  |  -0.34  -1.23  -0.09  -0.45    |  -0.81  -0.56  -0.04   0.37 |  n   | 0.25/0.25/0.25/0.25 | -0.256 |     0.141 |  0.007+-0.214 [ 0.422]      | -1.23 | 0.91  |  0/0  (3.4s)

====================================================================================================
SUMMARY  r = corr(reconstruction, target); ctrl = 1/3 circular shift; null = 11 shifts k/12 (max shown); bestd = max channel d' (real / 1/3-shift ctrl / null max)
  variant              | xr_live6 r/ctrl/nullmax | xr_live6 bestd/ctrl/nullmax | webgate r/ctrl/nullmax | webgate bestd/ctrl/nullmax | xr_live2 r/ctrl/nullmax | xr_live2 bestd/ctrl/nullmax
  ------------------------------------------------------------------------------------------------------------------------------------------------------------------------------------------
  baseline             |  0.189 -0.272  0.318   |   1.06   1.84   1.84 -1        |  0.796 -0.016  0.329   |  18.47   2.95  10.63 P4        | -0.388 -0.001  0.403   |  -0.24  -0.12   1.44 -0       
  a1_notch60           |  0.166 -0.266  0.319   |   1.14   1.47   1.72 -0        |  0.796 -0.016  0.329   |  18.47   2.94  10.65 P4        | -0.387  0.069  0.408   |  -0.17   0.13   1.34 -0       
  a2_bp1-45            |  0.166 -0.252  0.338   |   1.12   1.37   1.81 -0        |  0.795 -0.018  0.325   |  18.31   1.96   9.47 P3        | -0.317  0.030  0.436   |  -0.20   0.48   2.01 -0       
  a_notch+bp           |  0.162 -0.255  0.342   |   1.12   1.37   1.83 -0        |  0.795 -0.018  0.325   |  18.31   1.95   9.47 P3        | -0.298  0.051  0.447   |  -0.24   1.05   2.52 -0       
  b_CAR                |  0.323 -0.295  0.426   |   0.78   1.80   1.80 -0        |  0.636 -0.027  0.280   |  17.13   0.20  15.93 P2        | -0.225 -0.156  0.287   |   0.04   0.38   1.86 -0       
  ab_notch+bp+CAR      |  0.274 -0.261  0.402   |   0.91   1.13   1.65 -0        |  0.626 -0.037  0.263   |  16.92   0.05  15.69 P2        | -0.203 -0.076  0.380   |  -0.12   0.85   3.02 -0       
  c_AF8only            |  0.189 -0.272  0.318   |   1.06   1.84   1.84 -1        |  0.302  0.213  0.253   |  18.47   2.95  10.63 P4        | -0.256  0.210  0.398   |  -0.24  -0.12   1.44 -0       
  c_TPonly             |  0.256 -0.155  0.401   |   1.06   1.84   1.84 -1        |  0.794 -0.020  0.324   |  18.47   2.95  10.63 P4        | -0.302 -0.159  0.337   |  -0.24  -0.12   1.44 -0       
  c_uniform            |  0.223 -0.189  0.440   |   1.06   1.84   1.84 -1        |  0.784  0.010  0.358   |  18.47   2.95  10.63 P4        | -0.388 -0.001  0.403   |  -0.24  -0.12   1.44 -0       
  d_welch2s            |  0.155 -0.251  0.324   |   1.27   1.42   1.62 -0        |  0.782 -0.020  0.392   |  19.29   7.01  19.29 P4        | -0.308  0.092  0.365   |  -0.25   0.69   1.90 -1       
  ad_notch+bp+welch2s  |  0.123 -0.239  0.339   |   0.85   1.41   2.42 -0        |  0.784 -0.023  0.401   |  19.31   3.68  19.30 P4        | -0.256  0.141  0.422   |  -0.09   0.37   1.39 -1       
  (P = calibration gate passed on the real arm; the digit after P/- = how many of the 11 null shifts passed the gate.
   Caveat: a circular shift close to a multiple of the 14-s ON/OFF period re-aligns calibration blocks, so on a short recording (webgate, ~90 s) some null shifts are partly aligned and the null d' max is inflated; the 1/3 shift itself is fully misaligned.)

  xr_live6 verdicts vs baseline (baseline r=0.189, best d'=1.06). Rule: IMPROVES r needs r - baseline > 0.05, r > null max + 0.05, and webgate r >= 0.6:
    baseline             r=0.189 (d=+0.000; null -0.014+-0.202 max 0.318 z=1.00) best d'=1.06 (ctrl 1.84, null max 1.84) pass=False | webgate r=0.796 (ctrl -0.016) -> same/noise
    a1_notch60           r=0.166 (d=-0.023; null -0.022+-0.203 max 0.319 z=0.93) best d'=1.14 (ctrl 1.47, null max 1.72) pass=False | webgate r=0.796 (ctrl -0.016) -> same/noise
    a2_bp1-45            r=0.166 (d=-0.022; null -0.016+-0.206 max 0.338 z=0.89) best d'=1.12 (ctrl 1.37, null max 1.81) pass=False | webgate r=0.795 (ctrl -0.018) -> same/noise
    a_notch+bp           r=0.162 (d=-0.027; null -0.016+-0.205 max 0.342 z=0.87) best d'=1.12 (ctrl 1.37, null max 1.83) pass=False | webgate r=0.795 (ctrl -0.018) -> same/noise
    b_CAR                r=0.323 (d=+0.134; null -0.009+-0.203 max 0.426 z=1.63) best d'=0.78 (ctrl 1.80, null max 1.80) pass=False | webgate r=0.636 (ctrl -0.027) -> higher r but NOT above null
    ab_notch+bp+CAR      r=0.274 (d=+0.085; null -0.016+-0.202 max 0.402 z=1.43) best d'=0.91 (ctrl 1.13, null max 1.65) pass=False | webgate r=0.626 (ctrl -0.037) -> higher r but NOT above null
    c_AF8only            r=0.189 (d=+0.000; null -0.014+-0.202 max 0.318 z=1.00) best d'=1.06 (ctrl 1.84, null max 1.84) pass=False | webgate r=0.302 (ctrl 0.213) -> same/noise
    c_TPonly             r=0.256 (d=+0.067; null 0.021+-0.186 max 0.401 z=1.26) best d'=1.06 (ctrl 1.84, null max 1.84) pass=False | webgate r=0.794 (ctrl -0.020) -> higher r but NOT above null
    c_uniform            r=0.223 (d=+0.034; null 0.008+-0.205 max 0.440 z=1.05) best d'=1.06 (ctrl 1.84, null max 1.84) pass=False | webgate r=0.784 (ctrl 0.010) -> same/noise
    d_welch2s            r=0.155 (d=-0.034; null -0.014+-0.217 max 0.324 z=0.78) best d'=1.27 (ctrl 1.42, null max 1.62) pass=False | webgate r=0.782 (ctrl -0.020) -> same/noise
    ad_notch+bp+welch2s  r=0.123 (d=-0.065; null -0.015+-0.222 max 0.339 z=0.62) best d'=0.85 (ctrl 1.41, null max 2.42) pass=False | webgate r=0.784 (ctrl -0.023) -> worse

results -> analysis\baseline_preproc_results.json
